
> build
> tsc -b && vite build

app/components/ReviewExtractedData.tsx(43,40): error TS2345: Argument of type 'string | undefined' is not assignable to parameter of type 'string'.
  Type 'undefined' is not assignable to type 'string'.
app/components/ui/accordion.tsx(4,37): error TS2307: Cannot find module '@radix-ui/react-accordion' or its corresponding type declarations.
app/components/ui/alert-dialog.tsx(4,39): error TS2307: Cannot find module '@radix-ui/react-alert-dialog' or its corresponding type declarations.
app/components/ui/alert.tsx(2,40): error TS2307: Cannot find module 'class-variance-authority' or its corresponding type declarations.
app/components/ui/aspect-ratio.tsx(3,39): error TS2307: Cannot find module '@radix-ui/react-aspect-ratio' or its corresponding type declarations.
app/components/ui/avatar.tsx(4,34): error TS2307: Cannot find module '@radix-ui/react-avatar' or its corresponding type declarations.
app/components/ui/badge.tsx(2,22): error TS2307: Cannot find module '@radix-ui/react-slot' or its corresponding type declarations.
app/components/ui/badge.tsx(3,40): error TS2307: Cannot find module 'class-variance-authority' or its corresponding type declarations.
app/components/ui/breadcrumb.tsx(2,22): error TS2307: Cannot find module '@radix-ui/react-slot' or its corresponding type declarations.
app/components/ui/button.tsx(2,22): error TS2307: Cannot find module '@radix-ui/react-slot' or its corresponding type declarations.
app/components/ui/button.tsx(3,40): error TS2307: Cannot find module 'class-variance-authority' or its corresponding type declarations.
app/components/ui/calendar.tsx(5,27): error TS2307: Cannot find module 'react-day-picker' or its corresponding type declarations.
app/components/ui/calendar.tsx(63,22): error TS7031: Binding element 'className' implicitly has an 'any' type.
app/components/ui/calendar.tsx(66,23): error TS7031: Binding element 'className' implicitly has an 'any' type.
app/components/ui/carousel.tsx(6,8): error TS2307: Cannot find module 'embla-carousel-react' or its corresponding type declarations.
app/components/ui/chart.tsx(109,3): error TS2339: Property 'payload' does not exist on type 'Omit<Props<ValueType, NameType>, PropertiesReadFromContext> & { active?: boolean | undefined; allowEscapeViewBox?: AllowInDimension | undefined; ... 24 more ...; wrapperStyle?: CSSProperties | undefined; } & ClassAttributes<...> & HTMLAttributes<...> & { ...; }'.
app/components/ui/chart.tsx(114,3): error TS2339: Property 'label' does not exist on type 'Omit<Props<ValueType, NameType>, PropertiesReadFromContext> & { active?: boolean | undefined; allowEscapeViewBox?: AllowInDimension | undefined; ... 24 more ...; wrapperStyle?: CSSProperties | undefined; } & ClassAttributes<...> & HTMLAttributes<...> & { ...; }'.
app/components/ui/chart.tsx(182,23): error TS7006: Parameter 'item' implicitly has an 'any' type.
app/components/ui/chart.tsx(182,29): error TS7006: Parameter 'index' implicitly has an 'any' type.
app/components/ui/chart.tsx(260,39): error TS2344: Type '"payload" | "verticalAlign"' does not satisfy the constraint '"string" | "filter" | "fill" | "values" | "children" | "className" | "href" | "media" | "target" | "type" | "suppressHydrationWarning" | "id" | "lang" | "nonce" | "slot" | "style" | ... 434 more ... | "portal"'.
  Type '"payload"' is not assignable to type '"string" | "filter" | "fill" | "values" | "children" | "className" | "href" | "media" | "target" | "type" | "suppressHydrationWarning" | "id" | "lang" | "nonce" | "slot" | "style" | ... 434 more ... | "portal"'.
app/components/ui/chart.tsx(266,17): error TS2339: Property 'length' does not exist on type '{}'.
app/components/ui/chart.tsx(278,16): error TS2339: Property 'map' does not exist on type '{}'.
app/components/ui/chart.tsx(278,21): error TS7006: Parameter 'item' implicitly has an 'any' type.
app/components/ui/checkbox.tsx(4,36): error TS2307: Cannot find module '@radix-ui/react-checkbox' or its corresponding type declarations.
app/components/ui/collapsible.tsx(3,39): error TS2307: Cannot find module '@radix-ui/react-collapsible' or its corresponding type declarations.
app/components/ui/command.tsx(4,45): error TS2307: Cannot find module 'cmdk' or its corresponding type declarations.
app/components/ui/context-menu.tsx(4,39): error TS2307: Cannot find module '@radix-ui/react-context-menu' or its corresponding type declarations.
app/components/ui/dialog.tsx(4,34): error TS2307: Cannot find module '@radix-ui/react-dialog' or its corresponding type declarations.
app/components/ui/drawer.tsx(4,43): error TS2307: Cannot find module 'vaul' or its corresponding type declarations.
app/components/ui/dropdown-menu.tsx(4,40): error TS2307: Cannot find module '@radix-ui/react-dropdown-menu' or its corresponding type declarations.
app/components/ui/form.tsx(4,33): error TS2307: Cannot find module '@radix-ui/react-label' or its corresponding type declarations.
app/components/ui/form.tsx(5,22): error TS2307: Cannot find module '@radix-ui/react-slot' or its corresponding type declarations.
app/components/ui/form.tsx(14,8): error TS2307: Cannot find module 'react-hook-form' or its corresponding type declarations.
app/components/ui/hover-card.tsx(4,37): error TS2307: Cannot find module '@radix-ui/react-hover-card' or its corresponding type declarations.
app/components/ui/input-otp.tsx(4,43): error TS2307: Cannot find module 'input-otp' or its corresponding type declarations.
app/components/ui/input-otp.tsx(47,61): error TS2339: Property 'slots' does not exist on type '{}'.
app/components/ui/label.tsx(4,33): error TS2307: Cannot find module '@radix-ui/react-label' or its corresponding type declarations.
app/components/ui/menubar.tsx(4,35): error TS2307: Cannot find module '@radix-ui/react-menubar' or its corresponding type declarations.
app/components/ui/navigation-menu.tsx(2,42): error TS2307: Cannot find module '@radix-ui/react-navigation-menu' or its corresponding type declarations.
app/components/ui/navigation-menu.tsx(3,21): error TS2307: Cannot find module 'class-variance-authority' or its corresponding type declarations.
app/components/ui/pagination.tsx(75,7): error TS2783: 'size' is specified more than once, so this usage will be overwritten.
app/components/ui/pagination.tsx(92,7): error TS2783: 'size' is specified more than once, so this usage will be overwritten.
app/components/ui/popover.tsx(4,35): error TS2307: Cannot find module '@radix-ui/react-popover' or its corresponding type declarations.
app/components/ui/progress.tsx(4,36): error TS2307: Cannot find module '@radix-ui/react-progress' or its corresponding type declarations.
app/components/ui/radio-group.tsx(4,38): error TS2307: Cannot find module '@radix-ui/react-radio-group' or its corresponding type declarations.
app/components/ui/resizable.tsx(5,37): error TS2307: Cannot find module 'react-resizable-panels' or its corresponding type declarations.
app/components/ui/scroll-area.tsx(4,38): error TS2307: Cannot find module '@radix-ui/react-scroll-area' or its corresponding type declarations.
app/components/ui/select.tsx(4,34): error TS2307: Cannot find module '@radix-ui/react-select' or its corresponding type declarations.
app/components/ui/separator.tsx(4,37): error TS2307: Cannot find module '@radix-ui/react-separator' or its corresponding type declarations.
app/components/ui/sheet.tsx(4,33): error TS2307: Cannot find module '@radix-ui/react-dialog' or its corresponding type declarations.
app/components/ui/sidebar.tsx(4,22): error TS2307: Cannot find module '@radix-ui/react-slot' or its corresponding type declarations.
app/components/ui/sidebar.tsx(5,35): error TS2307: Cannot find module 'class-variance-authority' or its corresponding type declarations.
app/components/ui/sidebar.tsx(270,17): error TS7006: Parameter 'event' implicitly has an 'any' type.
app/components/ui/slider.tsx(4,34): error TS2307: Cannot find module '@radix-ui/react-slider' or its corresponding type declarations.
app/components/ui/sonner.tsx(3,26): error TS2307: Cannot find module 'next-themes' or its corresponding type declarations.
app/components/ui/sonner.tsx(4,49): error TS2307: Cannot find module 'sonner' or its corresponding type declarations.
app/components/ui/switch.tsx(4,34): error TS2307: Cannot find module '@radix-ui/react-switch' or its corresponding type declarations.
app/components/ui/tabs.tsx(4,32): error TS2307: Cannot find module '@radix-ui/react-tabs' or its corresponding type declarations.
app/components/ui/toggle-group.tsx(4,39): error TS2307: Cannot find module '@radix-ui/react-toggle-group' or its corresponding type declarations.
app/components/ui/toggle-group.tsx(5,35): error TS2307: Cannot find module 'class-variance-authority' or its corresponding type declarations.
app/components/ui/toggle.tsx(4,34): error TS2307: Cannot find module '@radix-ui/react-toggle' or its corresponding type declarations.
app/components/ui/toggle.tsx(5,40): error TS2307: Cannot find module 'class-variance-authority' or its corresponding type declarations.
app/components/ui/tooltip.tsx(4,35): error TS2307: Cannot find module '@radix-ui/react-tooltip' or its corresponding type declarations.
app/components/ui/utils.ts(2,25): error TS2307: Cannot find module 'tailwind-merge' or its corresponding type declarations.
main.tsx(3,19): error TS5097: An import path can only end with a '.tsx' extension when 'allowImportingTsExtensions' is enabled.
src/index.ts(1,21): error TS2307: Cannot find module 'express' or its corresponding type declarations.
src/index.ts(2,18): error TS2307: Cannot find module 'cors' or its corresponding type declarations.
src/index.ts(3,20): error TS2307: Cannot find module 'dotenv' or its corresponding type declarations.
src/index.ts(9,14): error TS2591: Cannot find name 'process'. Do you need to install type definitions for node? Try `npm i --save-dev @types/node` and then add 'node' to the types field in your tsconfig.
src/index.ts(12,11): error TS2591: Cannot find name 'process'. Do you need to install type definitions for node? Try `npm i --save-dev @types/node` and then add 'node' to the types field in your tsconfig.
src/index.ts(19,21): error TS7006: Parameter '_' implicitly has an 'any' type.
src/index.ts(19,24): error TS7006: Parameter 'res' implicitly has an 'any' type.
src/routes/receipts.ts(1,43): error TS2307: Cannot find module 'express' or its corresponding type declarations.
src/routes/receipts.ts(2,20): error TS2307: Cannot find module 'multer' or its corresponding type declarations.
src/routes/receipts.ts(3,30): error TS2307: Cannot find module 'uuid' or its corresponding type declarations.
src/routes/receipts.ts(11,16): error TS7006: Parameter '_req' implicitly has an 'any' type.
src/routes/receipts.ts(11,22): error TS7006: Parameter 'file' implicitly has an 'any' type.
src/routes/receipts.ts(11,28): error TS7006: Parameter 'cb' implicitly has an 'any' type.
src/services/index.ts(1,21): error TS2307: Cannot find module 'express' or its corresponding type declarations.
src/services/index.ts(2,18): error TS2307: Cannot find module 'cors' or its corresponding type declarations.
src/services/index.ts(3,20): error TS2307: Cannot find module 'dotenv' or its corresponding type declarations.
src/services/index.ts(9,14): error TS2591: Cannot find name 'process'. Do you need to install type definitions for node? Try `npm i --save-dev @types/node` and then add 'node' to the types field in your tsconfig.
src/services/index.ts(12,11): error TS2591: Cannot find name 'process'. Do you need to install type definitions for node? Try `npm i --save-dev @types/node` and then add 'node' to the types field in your tsconfig.
src/services/index.ts(23,21): error TS7006: Parameter '_' implicitly has an 'any' type.
src/services/index.ts(23,24): error TS7006: Parameter 'res' implicitly has an 'any' type.
src/services/routes/receipts.ts(1,43): error TS2307: Cannot find module 'express' or its corresponding type declarations.
src/services/routes/receipts.ts(2,20): error TS2307: Cannot find module 'multer' or its corresponding type declarations.
src/services/routes/receipts.ts(3,30): error TS2307: Cannot find module 'uuid' or its corresponding type declarations.
src/services/routes/receipts.ts(4,26): error TS2307: Cannot find module '../services/supabase' or its corresponding type declarations.
src/services/routes/receipts.ts(5,44): error TS2307: Cannot find module '../services/textract' or its corresponding type declarations.
src/services/routes/receipts.ts(11,16): error TS7006: Parameter '_' implicitly has an 'any' type.
src/services/routes/receipts.ts(11,19): error TS7006: Parameter 'file' implicitly has an 'any' type.
src/services/routes/receipts.ts(11,25): error TS7006: Parameter 'cb' implicitly has an 'any' type.
src/services/routes/receipts.ts(65,29): error TS7006: Parameter 'item' implicitly has an 'any' type.
src/services/routes/receipts.ts(105,29): error TS7006: Parameter 'item' implicitly has an 'any' type.
src/services/supabase.ts(2,20): error TS2307: Cannot find module 'dotenv' or its corresponding type declarations.
src/services/supabase.ts(5,21): error TS2591: Cannot find name 'process'. Do you need to install type definitions for node? Try `npm i --save-dev @types/node` and then add 'node' to the types field in your tsconfig.
src/services/supabase.ts(6,28): error TS2591: Cannot find name 'process'. Do you need to install type definitions for node? Try `npm i --save-dev @types/node` and then add 'node' to the types field in your tsconfig.
src/services/textract.ts(4,8): error TS2307: Cannot find module '@aws-sdk/client-textract' or its corresponding type declarations.
src/services/textract.ts(5,20): error TS2307: Cannot find module 'dotenv' or its corresponding type declarations.
src/services/textract.ts(9,11): error TS2591: Cannot find name 'process'. Do you need to install type definitions for node? Try `npm i --save-dev @types/node` and then add 'node' to the types field in your tsconfig.
src/services/textract.ts(11,18): error TS2591: Cannot find name 'process'. Do you need to install type definitions for node? Try `npm i --save-dev @types/node` and then add 'node' to the types field in your tsconfig.
src/services/textract.ts(12,22): error TS2591: Cannot find name 'process'. Do you need to install type definitions for node? Try `npm i --save-dev @types/node` and then add 'node' to the types field in your tsconfig.
src/services/textract.ts(31,16): error TS2591: Cannot find name 'Buffer'. Do you need to install type definitions for node? Try `npm i --save-dev @types/node` and then add 'node' to the types field in your tsconfig.
